// Jest Snapshot v1, https://goo.gl/fbAQLP

exports[`ApiTableFilters renders correctly 1`] = `
<div
  className="p-2"
>
  <form
    className=""
  >
    <div
      className="py-2 row"
    >
      <div
        className="col"
      >
        <div>
          <label
            className="form-label"
          >
            Auth
          </label>
          <select
            className="form-select"
            onChange={[Function]}
          >
            <option />
            <option
              value="apiKey"
            >
              apiKey
            </option>
            <option
              value="null"
            >
              null
            </option>
          </select>
        </div>
      </div>
      <div
        className="col"
      >
        <div>
          <label
            className="form-label"
          >
            HTTPS
          </label>
          <select
            className="form-select"
            onChange={[Function]}
          >
            <option />
            <option
              value="true"
            >
              true
            </option>
            <option
              value="false"
            >
              false
            </option>
          </select>
        </div>
      </div>
      <div
        className="col"
      >
        <div>
          <label
            className="form-label"
          >
            CORS
          </label>
          <select
            className="form-select"
            onChange={[Function]}
          >
            <option />
            <option
              value="yes"
            >
              yes
            </option>
            <option
              value="no"
            >
              no
            </option>
            <option
              value="unknown"
            >
              unknown
            </option>
          </select>
        </div>
      </div>
      <div
        className="col"
      >
        <label
          className="form-label"
        >
          Name:
        </label>
        <input
          className="form-control"
          onChange={[Function]}
          type="text"
        />
      </div>
      <div
        className="col"
      >
        <label
          className="form-label"
        >
          Description:
        </label>
        <input
          className="form-control"
          onChange={[Function]}
          type="text"
        />
      </div>
      <div
        className="col"
      >
        <label
          className="form-label"
        >
          Category:
        </label>
        <input
          className="form-control"
          onChange={[Function]}
          type="text"
        />
      </div>
    </div>
    <div
      className="py-2 row"
    >
      <div
        className="col"
      >
        <button
          className="btn yellow-bg btn btn-primary"
          disabled={false}
          onClick={[Function]}
          type="submit"
        >
          Update
        </button>
      </div>
    </div>
  </form>
</div>
`;
