// Jest Snapshot v1, https://goo.gl/fbAQLP

exports[`App renders correctly 1`] = `
<div
  className="App"
>
  <div
    className="p-2"
  >
    <form
      className=""
    >
      <div
        className="py-2 row"
      >
        <div
          className="col"
        >
          <div>
            <label
              className="form-label"
            >
              Auth
            </label>
            <select
              className="form-select"
              onChange={[Function]}
            >
              <option />
              <option
                value="apiKey"
              >
                apiKey
              </option>
              <option
                value="null"
              >
                null
              </option>
            </select>
          </div>
        </div>
        <div
          className="col"
        >
          <div>
            <label
              className="form-label"
            >
              HTTPS
            </label>
            <select
              className="form-select"
              onChange={[Function]}
            >
              <option />
              <option
                value="true"
              >
                true
              </option>
              <option
                value="false"
              >
                false
              </option>
            </select>
          </div>
        </div>
        <div
          className="col"
        >
          <div>
            <label
              className="form-label"
            >
              CORS
            </label>
            <select
              className="form-select"
              onChange={[Function]}
            >
              <option />
              <option
                value="yes"
              >
                yes
              </option>
              <option
                value="no"
              >
                no
              </option>
              <option
                value="unknown"
              >
                unknown
              </option>
            </select>
          </div>
        </div>
        <div
          className="col"
        >
          <label
            className="form-label"
          >
            Name:
          </label>
          <input
            className="form-control"
            onChange={[Function]}
            type="text"
          />
        </div>
        <div
          className="col"
        >
          <label
            className="form-label"
          >
            Description:
          </label>
          <input
            className="form-control"
            onChange={[Function]}
            type="text"
          />
        </div>
        <div
          className="col"
        >
          <label
            className="form-label"
          >
            Category:
          </label>
          <input
            className="form-control"
            onChange={[Function]}
            type="text"
          />
        </div>
      </div>
      <div
        className="py-2 row"
      >
        <div
          className="col"
        >
          <button
            className="btn yellow-bg btn btn-primary"
            disabled={false}
            onClick={[Function]}
            type="submit"
          >
            Update
          </button>
        </div>
      </div>
    </form>
  </div>
  <div
    className="p-2"
  >
    <div
      className="row"
    >
      <div
        className="col"
      >
        <table
          className="table table-striped table-bordered table-hover"
          role="table"
        >
          <thead>
            <tr
              role="row"
            >
              <th
                colSpan={1}
                onClick={[Function]}
                role="columnheader"
                style={
                  Object {
                    "cursor": "pointer",
                  }
                }
                title="Toggle SortBy"
              >
                Name
                <span>
                  <svg
                    aria-hidden="true"
                    className="svg-inline--fa fa-caret-up fa-w-10 ms-1"
                    data-icon="caret-up"
                    data-prefix="fas"
                    focusable="false"
                    role="img"
                    style={Object {}}
                    viewBox="0 0 320 512"
                    xmlns="http://www.w3.org/2000/svg"
                  >
                    <path
                      d="M288.662 352H31.338c-17.818 0-26.741-21.543-14.142-34.142l128.662-128.662c7.81-7.81 20.474-7.81 28.284 0l128.662 128.662c12.6 12.599 3.676 34.142-14.142 34.142z"
                      fill="currentColor"
                      style={Object {}}
                    />
                  </svg>
                </span>
              </th>
              <th
                colSpan={1}
                onClick={[Function]}
                role="columnheader"
                style={
                  Object {
                    "cursor": "pointer",
                  }
                }
                title="Toggle SortBy"
              >
                Description
                <span>
                  
                </span>
              </th>
              <th
                colSpan={1}
                onClick={[Function]}
                role="columnheader"
                style={
                  Object {
                    "cursor": "pointer",
                  }
                }
                title="Toggle SortBy"
              >
                Category
                <span>
                  
                </span>
              </th>
              <th
                colSpan={1}
                onClick={[Function]}
                role="columnheader"
                style={
                  Object {
                    "cursor": "pointer",
                  }
                }
                title="Toggle SortBy"
              >
                Link
                <span>
                  
                </span>
              </th>
            </tr>
          </thead>
          <tbody
            role="rowgroup"
          />
        </table>
      </div>
    </div>
    <div
      className="row"
    >
      <div
        className="col"
      >
        <button
          className="btn btn-lg yellow-bg pagination-btn text-white btn btn-primary"
          disabled={true}
          onClick={[Function]}
          type="button"
        >
          <svg
            aria-hidden="true"
            className="svg-inline--fa fa-caret-left fa-w-6 "
            data-icon="caret-left"
            data-prefix="fas"
            focusable="false"
            role="img"
            style={Object {}}
            viewBox="0 0 192 512"
            xmlns="http://www.w3.org/2000/svg"
          >
            <path
              d="M192 127.338v257.324c0 17.818-21.543 26.741-34.142 14.142L29.196 270.142c-7.81-7.81-7.81-20.474 0-28.284l128.662-128.662c12.599-12.6 34.142-3.676 34.142 14.142z"
              fill="currentColor"
              style={Object {}}
            />
          </svg>
        </button>
      </div>
      <div
        className="text-center col"
      >
        Page
        <input
          max={0}
          min="1"
          onChange={[Function]}
          type="number"
          value={1}
        />
        of 
        0
      </div>
      <div
        className="col"
      >
        <button
          className="btn btn-lg yellow-bg pagination-btn text-white btn btn-primary"
          disabled={true}
          onClick={[Function]}
          type="button"
        >
          <svg
            aria-hidden="true"
            className="svg-inline--fa fa-caret-right fa-w-6 "
            data-icon="caret-right"
            data-prefix="fas"
            focusable="false"
            role="img"
            style={Object {}}
            viewBox="0 0 192 512"
            xmlns="http://www.w3.org/2000/svg"
          >
            <path
              d="M0 384.662V127.338c0-17.818 21.543-26.741 34.142-14.142l128.662 128.662c7.81 7.81 7.81 20.474 0 28.284L34.142 398.804C21.543 411.404 0 402.48 0 384.662z"
              fill="currentColor"
              style={Object {}}
            />
          </svg>
        </button>
      </div>
    </div>
  </div>
</div>
`;
